
===========================================================================
report_checks -path_delay max (Setup)
============================================================================
======================= Typical Corner ===================================

Startpoint: ALU_Sel[0] (input port clocked by __VIRTUAL_CLK__)
Endpoint: Y[3] (output port clocked by __VIRTUAL_CLK__)
Path Group: __VIRTUAL_CLK__
Path Type: max

Fanout     Cap    Slew   Delay    Time   Description
-----------------------------------------------------------------------------
                  0.00    0.00    0.00   clock __VIRTUAL_CLK__ (rise edge)
                          0.00    0.00   clock network delay (ideal)
                          2.00    2.00 ^ input external delay
                  0.02    0.01    2.01 ^ ALU_Sel[0] (in)
     1    0.00                           ALU_Sel[0] (net)
                  0.02    0.00    2.01 ^ input1/A (sky130_fd_sc_hd__clkbuf_2)
                  0.15    0.18    2.19 ^ input1/X (sky130_fd_sc_hd__clkbuf_2)
     7    0.03                           net1 (net)
                  0.15    0.00    2.19 ^ _34_/B_N (sky130_fd_sc_hd__or2b_1)
                  0.09    0.31    2.50 v _34_/X (sky130_fd_sc_hd__or2b_1)
     4    0.01                           _03_ (net)
                  0.09    0.00    2.50 v _47_/B1 (sky130_fd_sc_hd__o21a_1)
                  0.06    0.15    2.65 v _47_/X (sky130_fd_sc_hd__o21a_1)
     2    0.01                           _15_ (net)
                  0.06    0.00    2.65 v _48_/B (sky130_fd_sc_hd__xnor2_1)
                  0.22    0.22    2.87 ^ _48_/Y (sky130_fd_sc_hd__xnor2_1)
     2    0.01                           _16_ (net)
                  0.22    0.00    2.87 ^ _49_/B (sky130_fd_sc_hd__xor2_1)
                  0.23    0.27    3.14 ^ _49_/X (sky130_fd_sc_hd__xor2_1)
     3    0.01                           _17_ (net)
                  0.23    0.00    3.14 ^ _56_/A2 (sky130_fd_sc_hd__a21oi_1)
                  0.08    0.13    3.26 v _56_/Y (sky130_fd_sc_hd__a21oi_1)
     1    0.01                           _23_ (net)
                  0.08    0.00    3.26 v _60_/A (sky130_fd_sc_hd__xnor2_1)
                  0.05    0.14    3.40 v _60_/Y (sky130_fd_sc_hd__xnor2_1)
     1    0.00                           _27_ (net)
                  0.05    0.00    3.40 v _63_/A2 (sky130_fd_sc_hd__a21o_1)
                  0.03    0.18    3.58 v _63_/X (sky130_fd_sc_hd__a21o_1)
     1    0.00                           net14 (net)
                  0.03    0.00    3.58 v output14/A (sky130_fd_sc_hd__clkbuf_4)
                  0.08    0.19    3.77 v output14/X (sky130_fd_sc_hd__clkbuf_4)
     1    0.03                           Y[3] (net)
                  0.08    0.00    3.77 v Y[3] (out)
                                  3.77   data arrival time

                  0.00   10.00   10.00   clock __VIRTUAL_CLK__ (rise edge)
                          0.00   10.00   clock network delay (ideal)
                         -0.25    9.75   clock uncertainty
                          0.00    9.75   clock reconvergence pessimism
                         -2.00    7.75   output external delay
                                  7.75   data required time
-----------------------------------------------------------------------------
                                  7.75   data required time
                                 -3.77   data arrival time
-----------------------------------------------------------------------------
                                  3.98   slack (MET)


Startpoint: ALU_Sel[0] (input port clocked by __VIRTUAL_CLK__)
Endpoint: Y[2] (output port clocked by __VIRTUAL_CLK__)
Path Group: __VIRTUAL_CLK__
Path Type: max

Fanout     Cap    Slew   Delay    Time   Description
-----------------------------------------------------------------------------
                  0.00    0.00    0.00   clock __VIRTUAL_CLK__ (rise edge)
                          0.00    0.00   clock network delay (ideal)
                          2.00    2.00 ^ input external delay
                  0.02    0.01    2.01 ^ ALU_Sel[0] (in)
     1    0.00                           ALU_Sel[0] (net)
                  0.02    0.00    2.01 ^ input1/A (sky130_fd_sc_hd__clkbuf_2)
                  0.15    0.18    2.19 ^ input1/X (sky130_fd_sc_hd__clkbuf_2)
     7    0.03                           net1 (net)
                  0.15    0.00    2.19 ^ _34_/B_N (sky130_fd_sc_hd__or2b_1)
                  0.09    0.31    2.50 v _34_/X (sky130_fd_sc_hd__or2b_1)
     4    0.01                           _03_ (net)
                  0.09    0.00    2.50 v _35_/C (sky130_fd_sc_hd__nand3_1)
                  0.09    0.12    2.62 ^ _35_/Y (sky130_fd_sc_hd__nand3_1)
     2    0.01                           _04_ (net)
                  0.09    0.00    2.62 ^ _38_/A1 (sky130_fd_sc_hd__a21o_1)
                  0.08    0.15    2.77 ^ _38_/X (sky130_fd_sc_hd__a21o_1)
     3    0.01                           _07_ (net)
                  0.08    0.00    2.77 ^ _46_/B1_N (sky130_fd_sc_hd__a21bo_1)
                  0.07    0.25    3.02 v _46_/X (sky130_fd_sc_hd__a21bo_1)
     3    0.01                           _14_ (net)
                  0.07    0.00    3.02 v _50_/A (sky130_fd_sc_hd__or2_1)
                  0.05    0.25    3.27 v _50_/X (sky130_fd_sc_hd__or2_1)
     1    0.00                           _18_ (net)
                  0.05    0.00    3.27 v _54_/A2 (sky130_fd_sc_hd__a31o_1)
                  0.03    0.21    3.47 v _54_/X (sky130_fd_sc_hd__a31o_1)
     1    0.00                           net13 (net)
                  0.03    0.00    3.47 v output13/A (sky130_fd_sc_hd__clkbuf_4)
                  0.08    0.19    3.66 v output13/X (sky130_fd_sc_hd__clkbuf_4)
     1    0.03                           Y[2] (net)
                  0.08    0.00    3.66 v Y[2] (out)
                                  3.66   data arrival time

                  0.00   10.00   10.00   clock __VIRTUAL_CLK__ (rise edge)
                          0.00   10.00   clock network delay (ideal)
                         -0.25    9.75   clock uncertainty
                          0.00    9.75   clock reconvergence pessimism
                         -2.00    7.75   output external delay
                                  7.75   data required time
-----------------------------------------------------------------------------
                                  7.75   data required time
                                 -3.66   data arrival time
-----------------------------------------------------------------------------
                                  4.09   slack (MET)


Startpoint: ALU_Sel[0] (input port clocked by __VIRTUAL_CLK__)
Endpoint: Y[1] (output port clocked by __VIRTUAL_CLK__)
Path Group: __VIRTUAL_CLK__
Path Type: max

Fanout     Cap    Slew   Delay    Time   Description
-----------------------------------------------------------------------------
                  0.00    0.00    0.00   clock __VIRTUAL_CLK__ (rise edge)
                          0.00    0.00   clock network delay (ideal)
                          2.00    2.00 ^ input external delay
                  0.02    0.01    2.01 ^ ALU_Sel[0] (in)
     1    0.00                           ALU_Sel[0] (net)
                  0.02    0.00    2.01 ^ input1/A (sky130_fd_sc_hd__clkbuf_2)
                  0.15    0.18    2.19 ^ input1/X (sky130_fd_sc_hd__clkbuf_2)
     7    0.03                           net1 (net)
                  0.15    0.00    2.19 ^ _34_/B_N (sky130_fd_sc_hd__or2b_1)
                  0.09    0.31    2.50 v _34_/X (sky130_fd_sc_hd__or2b_1)
     4    0.01                           _03_ (net)
                  0.09    0.00    2.50 v _36_/A2 (sky130_fd_sc_hd__a21o_1)
                  0.05    0.21    2.71 v _36_/X (sky130_fd_sc_hd__a21o_1)
     2    0.01                           _05_ (net)
                  0.05    0.00    2.71 v _38_/A2 (sky130_fd_sc_hd__a21o_1)
                  0.05    0.20    2.91 v _38_/X (sky130_fd_sc_hd__a21o_1)
     3    0.01                           _07_ (net)
                  0.05    0.00    2.91 v _42_/A (sky130_fd_sc_hd__and3_1)
                  0.04    0.15    3.07 v _42_/X (sky130_fd_sc_hd__and3_1)
     1    0.00                           _11_ (net)
                  0.04    0.00    3.07 v _45_/A3 (sky130_fd_sc_hd__o31ai_1)
                  0.22    0.22    3.29 ^ _45_/Y (sky130_fd_sc_hd__o31ai_1)
     1    0.00                           net12 (net)
                  0.22    0.00    3.29 ^ output12/A (sky130_fd_sc_hd__clkbuf_4)
                  0.11    0.26    3.55 ^ output12/X (sky130_fd_sc_hd__clkbuf_4)
     1    0.03                           Y[1] (net)
                  0.11    0.00    3.55 ^ Y[1] (out)
                                  3.55   data arrival time

                  0.00   10.00   10.00   clock __VIRTUAL_CLK__ (rise edge)
                          0.00   10.00   clock network delay (ideal)
                         -0.25    9.75   clock uncertainty
                          0.00    9.75   clock reconvergence pessimism
                         -2.00    7.75   output external delay
                                  7.75   data required time
-----------------------------------------------------------------------------
                                  7.75   data required time
                                 -3.55   data arrival time
-----------------------------------------------------------------------------
                                  4.20   slack (MET)


Startpoint: ALU_Sel[1] (input port clocked by __VIRTUAL_CLK__)
Endpoint: Y[0] (output port clocked by __VIRTUAL_CLK__)
Path Group: __VIRTUAL_CLK__
Path Type: max

Fanout     Cap    Slew   Delay    Time   Description
-----------------------------------------------------------------------------
                  0.00    0.00    0.00   clock __VIRTUAL_CLK__ (rise edge)
                          0.00    0.00   clock network delay (ideal)
                          2.00    2.00 ^ input external delay
                  0.02    0.01    2.01 ^ ALU_Sel[1] (in)
     1    0.00                           ALU_Sel[1] (net)
                  0.02    0.00    2.01 ^ input2/A (sky130_fd_sc_hd__clkbuf_2)
                  0.14    0.17    2.18 ^ input2/X (sky130_fd_sc_hd__clkbuf_2)
     6    0.02                           net2 (net)
                  0.14    0.00    2.18 ^ _30_/A (sky130_fd_sc_hd__inv_2)
                  0.05    0.08    2.26 v _30_/Y (sky130_fd_sc_hd__inv_2)
     4    0.01                           _00_ (net)
                  0.05    0.00    2.26 v _31_/B1 (sky130_fd_sc_hd__a211o_1)
                  0.05    0.27    2.54 v _31_/X (sky130_fd_sc_hd__a211o_1)
     1    0.00                           _01_ (net)
                  0.05    0.00    2.54 v _33_/B1 (sky130_fd_sc_hd__o211a_1)
                  0.04    0.12    2.66 v _33_/X (sky130_fd_sc_hd__o211a_1)
     1    0.00                           net11 (net)
                  0.04    0.00    2.66 v output11/A (sky130_fd_sc_hd__clkbuf_4)
                  0.08    0.19    2.85 v output11/X (sky130_fd_sc_hd__clkbuf_4)
     1    0.03                           Y[0] (net)
                  0.08    0.00    2.85 v Y[0] (out)
                                  2.85   data arrival time

                  0.00   10.00   10.00   clock __VIRTUAL_CLK__ (rise edge)
                          0.00   10.00   clock network delay (ideal)
                         -0.25    9.75   clock uncertainty
                          0.00    9.75   clock reconvergence pessimism
                         -2.00    7.75   output external delay
                                  7.75   data required time
-----------------------------------------------------------------------------
                                  7.75   data required time
                                 -2.85   data arrival time
-----------------------------------------------------------------------------
                                  4.90   slack (MET)



