
===========================================================================
report_checks -path_delay min (Hold)
============================================================================
======================= Typical Corner ===================================

Startpoint: ALU_Sel[1] (input port clocked by __VIRTUAL_CLK__)
Endpoint: Y[1] (output port clocked by __VIRTUAL_CLK__)
Path Group: __VIRTUAL_CLK__
Path Type: min

Fanout     Cap    Slew   Delay    Time   Description
-----------------------------------------------------------------------------
                  0.00    0.00    0.00   clock __VIRTUAL_CLK__ (rise edge)
                          0.00    0.00   clock network delay (ideal)
                          2.00    2.00 ^ input external delay
                  0.02    0.01    2.01 ^ ALU_Sel[1] (in)
     1    0.00                           ALU_Sel[1] (net)
                  0.02    0.00    2.01 ^ input2/A (sky130_fd_sc_hd__clkbuf_2)
                  0.14    0.15    2.17 ^ input2/X (sky130_fd_sc_hd__clkbuf_2)
     6    0.02                           net2 (net)
                  0.14    0.00    2.17 ^ _45_/A1 (sky130_fd_sc_hd__o31ai_1)
                  0.04    0.10    2.26 v _45_/Y (sky130_fd_sc_hd__o31ai_1)
     1    0.00                           net12 (net)
                  0.04    0.00    2.26 v output12/A (sky130_fd_sc_hd__clkbuf_4)
                  0.08    0.17    2.43 v output12/X (sky130_fd_sc_hd__clkbuf_4)
     1    0.03                           Y[1] (net)
                  0.08    0.00    2.43 v Y[1] (out)
                                  2.43   data arrival time

                  0.00    0.00    0.00   clock __VIRTUAL_CLK__ (rise edge)
                          0.00    0.00   clock network delay (ideal)
                          0.25    0.25   clock uncertainty
                          0.00    0.25   clock reconvergence pessimism
                         -2.00   -1.75   output external delay
                                 -1.75   data required time
-----------------------------------------------------------------------------
                                 -1.75   data required time
                                 -2.43   data arrival time
-----------------------------------------------------------------------------
                                  4.18   slack (MET)


Startpoint: B[0] (input port clocked by __VIRTUAL_CLK__)
Endpoint: Y[0] (output port clocked by __VIRTUAL_CLK__)
Path Group: __VIRTUAL_CLK__
Path Type: min

Fanout     Cap    Slew   Delay    Time   Description
-----------------------------------------------------------------------------
                  0.00    0.00    0.00   clock __VIRTUAL_CLK__ (rise edge)
                          0.00    0.00   clock network delay (ideal)
                          2.00    2.00 ^ input external delay
                  0.02    0.01    2.01 ^ B[0] (in)
     1    0.00                           B[0] (net)
                  0.02    0.00    2.01 ^ input7/A (sky130_fd_sc_hd__clkbuf_2)
                  0.13    0.15    2.16 ^ input7/X (sky130_fd_sc_hd__clkbuf_2)
     7    0.02                           net7 (net)
                  0.13    0.00    2.16 ^ _33_/A2 (sky130_fd_sc_hd__o211a_1)
                  0.04    0.14    2.30 ^ _33_/X (sky130_fd_sc_hd__o211a_1)
     1    0.00                           net11 (net)
                  0.04    0.00    2.30 ^ output11/A (sky130_fd_sc_hd__clkbuf_4)
                  0.11    0.17    2.48 ^ output11/X (sky130_fd_sc_hd__clkbuf_4)
     1    0.03                           Y[0] (net)
                  0.11    0.00    2.48 ^ Y[0] (out)
                                  2.48   data arrival time

                  0.00    0.00    0.00   clock __VIRTUAL_CLK__ (rise edge)
                          0.00    0.00   clock network delay (ideal)
                          0.25    0.25   clock uncertainty
                          0.00    0.25   clock reconvergence pessimism
                         -2.00   -1.75   output external delay
                                 -1.75   data required time
-----------------------------------------------------------------------------
                                 -1.75   data required time
                                 -2.48   data arrival time
-----------------------------------------------------------------------------
                                  4.23   slack (MET)


Startpoint: ALU_Sel[1] (input port clocked by __VIRTUAL_CLK__)
Endpoint: Y[3] (output port clocked by __VIRTUAL_CLK__)
Path Group: __VIRTUAL_CLK__
Path Type: min

Fanout     Cap    Slew   Delay    Time   Description
-----------------------------------------------------------------------------
                  0.00    0.00    0.00   clock __VIRTUAL_CLK__ (rise edge)
                          0.00    0.00   clock network delay (ideal)
                          2.00    2.00 v input external delay
                  0.01    0.00    2.00 v ALU_Sel[1] (in)
     1    0.00                           ALU_Sel[1] (net)
                  0.01    0.00    2.00 v input2/A (sky130_fd_sc_hd__clkbuf_2)
                  0.09    0.14    2.14 v input2/X (sky130_fd_sc_hd__clkbuf_2)
     6    0.02                           net2 (net)
                  0.09    0.00    2.14 v _30_/A (sky130_fd_sc_hd__inv_2)
                  0.08    0.10    2.24 ^ _30_/Y (sky130_fd_sc_hd__inv_2)
     4    0.01                           _00_ (net)
                  0.08    0.00    2.24 ^ _63_/A1 (sky130_fd_sc_hd__a21o_1)
                  0.04    0.10    2.34 ^ _63_/X (sky130_fd_sc_hd__a21o_1)
     1    0.00                           net14 (net)
                  0.04    0.00    2.34 ^ output14/A (sky130_fd_sc_hd__clkbuf_4)
                  0.11    0.17    2.51 ^ output14/X (sky130_fd_sc_hd__clkbuf_4)
     1    0.03                           Y[3] (net)
                  0.11    0.00    2.51 ^ Y[3] (out)
                                  2.51   data arrival time

                  0.00    0.00    0.00   clock __VIRTUAL_CLK__ (rise edge)
                          0.00    0.00   clock network delay (ideal)
                          0.25    0.25   clock uncertainty
                          0.00    0.25   clock reconvergence pessimism
                         -2.00   -1.75   output external delay
                                 -1.75   data required time
-----------------------------------------------------------------------------
                                 -1.75   data required time
                                 -2.51   data arrival time
-----------------------------------------------------------------------------
                                  4.26   slack (MET)


Startpoint: ALU_Sel[1] (input port clocked by __VIRTUAL_CLK__)
Endpoint: Y[2] (output port clocked by __VIRTUAL_CLK__)
Path Group: __VIRTUAL_CLK__
Path Type: min

Fanout     Cap    Slew   Delay    Time   Description
-----------------------------------------------------------------------------
                  0.00    0.00    0.00   clock __VIRTUAL_CLK__ (rise edge)
                          0.00    0.00   clock network delay (ideal)
                          2.00    2.00 v input external delay
                  0.01    0.00    2.00 v ALU_Sel[1] (in)
     1    0.00                           ALU_Sel[1] (net)
                  0.01    0.00    2.00 v input2/A (sky130_fd_sc_hd__clkbuf_2)
                  0.09    0.14    2.14 v input2/X (sky130_fd_sc_hd__clkbuf_2)
     6    0.02                           net2 (net)
                  0.09    0.00    2.14 v _30_/A (sky130_fd_sc_hd__inv_2)
                  0.08    0.10    2.24 ^ _30_/Y (sky130_fd_sc_hd__inv_2)
     4    0.01                           _00_ (net)
                  0.08    0.00    2.24 ^ _54_/A1 (sky130_fd_sc_hd__a31o_1)
                  0.04    0.12    2.36 ^ _54_/X (sky130_fd_sc_hd__a31o_1)
     1    0.00                           net13 (net)
                  0.04    0.00    2.36 ^ output13/A (sky130_fd_sc_hd__clkbuf_4)
                  0.11    0.17    2.53 ^ output13/X (sky130_fd_sc_hd__clkbuf_4)
     1    0.03                           Y[2] (net)
                  0.11    0.00    2.53 ^ Y[2] (out)
                                  2.53   data arrival time

                  0.00    0.00    0.00   clock __VIRTUAL_CLK__ (rise edge)
                          0.00    0.00   clock network delay (ideal)
                          0.25    0.25   clock uncertainty
                          0.00    0.25   clock reconvergence pessimism
                         -2.00   -1.75   output external delay
                                 -1.75   data required time
-----------------------------------------------------------------------------
                                 -1.75   data required time
                                 -2.53   data arrival time
-----------------------------------------------------------------------------
                                  4.28   slack (MET)



