============================================================
                 STA CORNERS REPORT
                 4-BIT ALU RTL TO GDSII
============================================================

======================== MAX CORNER ========================


===========================================================================
report_tns
============================================================================
tns 0.00

===========================================================================
report_wns
============================================================================
wns 0.00

===========================================================================
report_worst_slack -max (Setup)
============================================================================
worst slack 2.30

===========================================================================
report_worst_slack -min (Hold)
============================================================================
worst slack 4.04

======================== MIN CORNER ========================


===========================================================================
report_tns
============================================================================
tns 0.00

===========================================================================
report_wns
============================================================================
wns 0.00

===========================================================================
report_worst_slack -max (Setup)
============================================================================
worst slack 2.37

===========================================================================
report_worst_slack -min (Hold)
============================================================================
worst slack 4.03

====================== NOMINAL CORNER ======================


===========================================================================
report_tns
============================================================================
tns 0.00

===========================================================================
report_wns
============================================================================
wns 0.00

===========================================================================
report_worst_slack -max (Setup)
============================================================================
worst slack 2.34

===========================================================================
report_worst_slack -min (Hold)
============================================================================
worst slack 4.04

============================================================
                    END OF STA CORNERS
============================================================
